// Jest Snapshot v1, https://goo.gl/fbAQLP

exports[`smoke test and snapshot test renders to the ui 1`] = `
<div
  className="Card"
>
  <button
    type="button"
  >
    delete
  </button>
  <h3>
    test card
  </h3>
  <p>
    test content
  </p>
</div>
`;
